#-----------------------------------------------------------
# Vivado v2020.2 (64-bit)
# SW Build 3064766 on Wed Nov 18 09:12:45 MST 2020
# IP Build 3064653 on Wed Nov 18 14:17:31 MST 2020
# Start of session at: Fri Mar 20 14:17:45 2026
# Process ID: 2368
# Current directory: C:/Users/azati/OneDrive/Desktop/Own_IR_Standard/FPGA_Part/Own_IR_transmitter
# Command line: vivado.exe -gui_launcher_event rodinguilauncherevent10568 C:\Users\azati\OneDrive\Desktop\Own_IR_Standard\FPGA_Part\Own_IR_transmitter\Own_IR_transmitter.xpr
# Log file: C:/Users/azati/OneDrive/Desktop/Own_IR_Standard/FPGA_Part/Own_IR_transmitter/vivado.log
# Journal file: C:/Users/azati/OneDrive/Desktop/Own_IR_Standard/FPGA_Part/Own_IR_transmitter\vivado.jou
#-----------------------------------------------------------
start_gui
open_project C:/Users/azati/OneDrive/Desktop/Own_IR_Standard/FPGA_Part/Own_IR_transmitter/Own_IR_transmitter.xpr
update_compile_order -fileset sources_1
open_bd_design {C:/Users/azati/OneDrive/Desktop/Own_IR_Standard/FPGA_Part/Own_IR_transmitter/Own_IR_transmitter.srcs/sources_1/bd/design_1/design_1.bd}
startgroup
set_property -dict [list CONFIG.CARRIER_FREQ {40000}] [get_bd_cells IR_transmission_2]
endgroup
startgroup
set_property -dict [list CONFIG.CARRIER_FREQ {42000}] [get_bd_cells IR_transmission_3]
endgroup
startgroup
set_property -dict [list CONFIG.CARRIER_FREQ {44000}] [get_bd_cells IR_transmission_4]
endgroup
startgroup
set_property -dict [list CONFIG.CARRIER_FREQ {46000}] [get_bd_cells IR_transmission_5]
endgroup
startgroup
set_property -dict [list CONFIG.CARRIER_FREQ {48000}] [get_bd_cells IR_transmission_6]
endgroup
startgroup
set_property -dict [list CONFIG.CARRIER_FREQ {50000}] [get_bd_cells IR_transmission_7]
endgroup
startgroup
set_property -dict [list CONFIG.CARRIER_FREQ {52000}] [get_bd_cells IR_transmission_8]
endgroup
startgroup
set_property -dict [list CONFIG.CARRIER_FREQ {54000}] [get_bd_cells IR_transmission_9]
endgroup
startgroup
set_property -dict [list CONFIG.CARRIER_FREQ {56000}] [get_bd_cells IR_transmission_10]
endgroup
startgroup
set_property -dict [list CONFIG.CARRIER_FREQ {58000}] [get_bd_cells IR_transmission_11]
endgroup
startgroup
set_property -dict [list CONFIG.CARRIER_FREQ {60000}] [get_bd_cells IR_transmission_12]
endgroup
startgroup
set_property -dict [list CONFIG.CARRIER_FREQ {62000}] [get_bd_cells IR_transmission_13]
endgroup
startgroup
set_property -dict [list CONFIG.CARRIER_FREQ {64000}] [get_bd_cells IR_transmission_14]
endgroup
startgroup
set_property -dict [list CONFIG.CARRIER_FREQ {66000}] [get_bd_cells IR_transmission_15]
endgroup
startgroup
set_property -dict [list CONFIG.CARRIER_FREQ {68000}] [get_bd_cells IR_transmission_16]
endgroup
startgroup
set_property -dict [list CONFIG.CARRIER_FREQ {70000}] [get_bd_cells IR_transmission_17]
endgroup
startgroup
set_property -dict [list CONFIG.CARRIER_FREQ {72000}] [get_bd_cells IR_transmission_18]
endgroup
startgroup
set_property -dict [list CONFIG.CARRIER_FREQ {74000}] [get_bd_cells IR_transmission_19]
endgroup
startgroup
set_property -dict [list CONFIG.CARRIER_FREQ {76000}] [get_bd_cells IR_transmission_20]
endgroup
startgroup
set_property -dict [list CONFIG.CARRIER_FREQ {78000}] [get_bd_cells IR_transmission_21]
endgroup
startgroup
set_property -dict [list CONFIG.CARRIER_FREQ {80000}] [get_bd_cells IR_transmission_22]
endgroup
startgroup
set_property -dict [list CONFIG.CARRIER_FREQ {82000}] [get_bd_cells IR_transmission_23]
endgroup
startgroup
set_property -dict [list CONFIG.CARRIER_FREQ {84000}] [get_bd_cells IR_transmission_24]
endgroup
save_bd_design
reset_run synth_1
reset_run design_1_IR_transmission_1_1_synth_1
reset_run design_1_IR_transmission_9_0_synth_1
reset_run design_1_IR_transmission_7_0_synth_1
reset_run design_1_IR_transmission_8_0_synth_1
reset_run design_1_IR_transmission_1_0_synth_1
reset_run design_1_IR_transmission_3_0_synth_1
reset_run design_1_IR_transmission_3_1_synth_1
reset_run design_1_IR_transmission_3_2_synth_1
reset_run design_1_IR_transmission_3_3_synth_1
reset_run design_1_IR_transmission_10_0_synth_1
reset_run design_1_IR_transmission_11_0_synth_1
reset_run design_1_IR_transmission_12_0_synth_1
reset_run design_1_IR_transmission_13_0_synth_1
reset_run design_1_IR_transmission_17_0_synth_1
reset_run design_1_IR_transmission_15_1_synth_1
reset_run design_1_IR_transmission_18_0_synth_1
reset_run design_1_IR_transmission_15_0_synth_1
reset_run design_1_IR_transmission_19_0_synth_1
reset_run design_1_IR_transmission_19_1_synth_1
reset_run design_1_IR_transmission_14_0_synth_1
reset_run design_1_IR_transmission_19_4_synth_1
reset_run design_1_IR_transmission_19_2_synth_1
reset_run design_1_IR_transmission_19_3_synth_1
launch_runs impl_1 -to_step write_bitstream -jobs 16
wait_on_run impl_1
