#-----------------------------------------------------------
# Vivado v2020.2 (64-bit)
# SW Build 3064766 on Wed Nov 18 09:12:45 MST 2020
# IP Build 3064653 on Wed Nov 18 14:17:31 MST 2020
# Start of session at: Sun Feb 22 22:33:06 2026
# Process ID: 27316
# Current directory: C:/Users/azati/Downloads/Own_IR_Standard-main/Own_IR_Standard-main/FPGA_Part/Own_IR_transmitter
# Command line: vivado.exe -gui_launcher_event rodinguilauncherevent21264 C:\Users\azati\Downloads\Own_IR_Standard-main\Own_IR_Standard-main\FPGA_Part\Own_IR_transmitter\Own_IR_transmitter.xpr
# Log file: C:/Users/azati/Downloads/Own_IR_Standard-main/Own_IR_Standard-main/FPGA_Part/Own_IR_transmitter/vivado.log
# Journal file: C:/Users/azati/Downloads/Own_IR_Standard-main/Own_IR_Standard-main/FPGA_Part/Own_IR_transmitter\vivado.jou
#-----------------------------------------------------------
start_gui
open_project C:/Users/azati/Downloads/Own_IR_Standard-main/Own_IR_Standard-main/FPGA_Part/Own_IR_transmitter/Own_IR_transmitter.xpr
update_compile_order -fileset sources_1
update_module_reference {design_1_IR_transmission_0_1 design_1_IR_transmission_1_0}
reset_run synth_1
launch_runs impl_1 -to_step write_bitstream -jobs 16
wait_on_run impl_1
open_run impl_1
open_hw_manager
connect_hw_server -allow_non_jtag
open_hw_target
set_property PROGRAM.FILE {C:/Users/azati/Downloads/Own_IR_Standard-main/Own_IR_Standard-main/FPGA_Part/Own_IR_transmitter/Own_IR_transmitter.runs/impl_1/design_1_wrapper.bit} [get_hw_devices xc7z020_1]
current_hw_device [get_hw_devices xc7z020_1]
refresh_hw_device -update_hw_probes false [lindex [get_hw_devices xc7z020_1] 0]
set_property PROBES.FILE {} [get_hw_devices xc7z020_1]
set_property FULL_PROBES.FILE {} [get_hw_devices xc7z020_1]
set_property PROGRAM.FILE {C:/Users/azati/Downloads/Own_IR_Standard-main/Own_IR_Standard-main/FPGA_Part/Own_IR_transmitter/Own_IR_transmitter.runs/impl_1/design_1_wrapper.bit} [get_hw_devices xc7z020_1]
program_hw_devices [get_hw_devices xc7z020_1]
refresh_hw_device [lindex [get_hw_devices xc7z020_1] 0]
